// Jest Snapshot v1, https://goo.gl/fbAQLP

exports[`Question component should build the component 1`] = `
<div>
  <div>
    <p>
      Digital isolator SO-16W
      8.83
      https://www.distrelec.biz/Web/WebShopImages/landscape_medium/ho/to/SO-16W-Photo.jpg
    </p>
    <p>
      Audio/Video IC DIL-28
      15.50
      https://www.distrelec.biz/Web/WebShopImages/landscape_medium/_t/if/DIL-28-Photo.jpg
    </p>
    <p>
      Smart Tweezers 4999 uF
      209.00
      https://www.distrelec.biz/Web/WebShopImages/landscape_medium/0-/01/RND-RND 550-00019-30078040-01.jpg
    </p>
    <p>
      Test Probe
      287.00
      https://www.distrelec.biz/Web/WebShopImages/landscape_medium/1-/01/Keithley-5805-30027881-01.jpg
    </p>
    <p>
      Laboratory Power Supply 1 Ch. 0...30 VDC 5 A, Programmable
      118.10
      https://www.distrelec.biz/Web/WebShopImages/landscape_medium/7-/01/rnd-320-KD3005P-30061867-01.jpg
    </p>
    <p>
      Fuse holder
      1.62
      https://www.distrelec.biz/Web/WebShopImages/landscape_medium/5-/01/RND-170-00005-30043425-01.jpg
    </p>
    <p>
      Digital isolator SO-8
      4.67
      https://www.distrelec.biz/Web/WebShopImages/landscape_medium/ho/to/SO-8-Photo.jpg
    </p>
    <p>
      GSM aerial FME/F
      47.20
      https://www.distrelec.biz/Web/WebShopImages/landscape_medium/_t/if/shark-phone-gsm-900-1800.jpg
    </p>
    <p>
      Stranded wire, blue Stranded tin-plated copper wire PVC
      39.20
      https://www.distrelec.biz/Web/WebShopImages/landscape_medium/bl/ue/wiring_cable_straight_blue.jpg
    </p>
    <p>
      Stranded wire, 0.22 mmÂ², white Stranded tin-plated copper wire PVC
      10.90
      https://www.distrelec.biz/Web/WebShopImages/landscape_medium/hi/te/wiring_cable_straight_white.jpg
    </p>
  </div>
</div>
`;
